
> build
> vite build

vite v5.4.21 building for production...
transforming...
✓ 1103 modules transformed.
x Build failed in 677ms
error during build:
[vite:esbuild] Transform failed with 1 error:
/Users/kleber/Documents/GitHub/Coliseu-Dash/frontend/src/pages/bi/ABCAnalysisDashboard.tsx:53:2: ERROR: Unexpected "const"
file: /Users/kleber/Documents/GitHub/Coliseu-Dash/frontend/src/pages/bi/ABCAnalysisDashboard.tsx:53:2

Unexpected "const"
51 |    // Mocks explicitly matching the layout
52 |    const barChartData = [
53 |    const barChartData = data?.barChartData || [];
   |    ^
54 |    const distGrupo = data?.distGrupo || [];
55 |    const distMarca = data?.distMarca || [];

    at failureErrorWithLog (/Users/kleber/Documents/GitHub/Coliseu-Dash/frontend/node_modules/esbuild/lib/main.js:1472:15)
    at /Users/kleber/Documents/GitHub/Coliseu-Dash/frontend/node_modules/esbuild/lib/main.js:755:50
    at responseCallbacks.<computed> (/Users/kleber/Documents/GitHub/Coliseu-Dash/frontend/node_modules/esbuild/lib/main.js:622:9)
    at handleIncomingPacket (/Users/kleber/Documents/GitHub/Coliseu-Dash/frontend/node_modules/esbuild/lib/main.js:677:12)
    at Socket.readFromStdout (/Users/kleber/Documents/GitHub/Coliseu-Dash/frontend/node_modules/esbuild/lib/main.js:600:7)
    at Socket.emit (node:events:524:28)
    at addChunk (node:internal/streams/readable:561:12)
    at readableAddChunkPushByteMode (node:internal/streams/readable:512:3)
    at Readable.push (node:internal/streams/readable:392:5)
    at Pipe.onStreamRead (node:internal/stream_base_commons:191:23)
